Archive member included because of file (symbol)

/home/joeg/emus_ide_bootloader/arm-4.8.3-2014q1/bin/../lib/gcc/arm-none-eabi/4.8.3/../../../../arm-none-eabi/lib/armv7-m/libc_s.a(lib_a-exit.o)
                              /home/joeg/emus_ide_bootloader/arm-4.8.3-2014q1/bin/../lib/gcc/arm-none-eabi/4.8.3/../../../../arm-none-eabi/lib/armv7-m/crt0.o (exit)
/home/joeg/emus_ide_bootloader/arm-4.8.3-2014q1/bin/../lib/gcc/arm-none-eabi/4.8.3/../../../../arm-none-eabi/lib/armv7-m/libc_s.a(lib_a-impure.o)
                              /home/joeg/emus_ide_bootloader/arm-4.8.3-2014q1/bin/../lib/gcc/arm-none-eabi/4.8.3/../../../../arm-none-eabi/lib/armv7-m/libc_s.a(lib_a-exit.o) (_global_impure_ptr)
/home/joeg/emus_ide_bootloader/arm-4.8.3-2014q1/bin/../lib/gcc/arm-none-eabi/4.8.3/../../../../arm-none-eabi/lib/armv7-m/libc_s.a(lib_a-init.o)
                              /home/joeg/emus_ide_bootloader/arm-4.8.3-2014q1/bin/../lib/gcc/arm-none-eabi/4.8.3/../../../../arm-none-eabi/lib/armv7-m/crt0.o (__libc_init_array)
/home/joeg/emus_ide_bootloader/arm-4.8.3-2014q1/bin/../lib/gcc/arm-none-eabi/4.8.3/../../../../arm-none-eabi/lib/armv7-m/libc_s.a(lib_a-memset.o)
                              /home/joeg/emus_ide_bootloader/arm-4.8.3-2014q1/bin/../lib/gcc/arm-none-eabi/4.8.3/../../../../arm-none-eabi/lib/armv7-m/crt0.o (memset)
/home/joeg/emus_ide_bootloader/arm-4.8.3-2014q1/bin/../lib/gcc/arm-none-eabi/4.8.3/../../../../arm-none-eabi/lib/armv7-m/libnosys.a(_exit.o)
                              /home/joeg/emus_ide_bootloader/arm-4.8.3-2014q1/bin/../lib/gcc/arm-none-eabi/4.8.3/../../../../arm-none-eabi/lib/armv7-m/libc_s.a(lib_a-exit.o) (_exit)

Allocating common symbols
Common symbol       size              file

SystemCoreClock     0x4               build/system_efm32g.o
rawPacket           0x110             build/xmodem.o
descr               0x10              build/flash.o

Discarded input sections

 .text          0x0000000000000000        0x0 /home/joeg/emus_ide_bootloader/arm-4.8.3-2014q1/bin/../lib/gcc/arm-none-eabi/4.8.3/armv7-m/crti.o
 .data          0x0000000000000000        0x0 /home/joeg/emus_ide_bootloader/arm-4.8.3-2014q1/bin/../lib/gcc/arm-none-eabi/4.8.3/armv7-m/crti.o
 .bss           0x0000000000000000        0x0 /home/joeg/emus_ide_bootloader/arm-4.8.3-2014q1/bin/../lib/gcc/arm-none-eabi/4.8.3/armv7-m/crti.o
 .data          0x0000000000000000        0x4 /home/joeg/emus_ide_bootloader/arm-4.8.3-2014q1/bin/../lib/gcc/arm-none-eabi/4.8.3/armv7-m/crtbegin.o
 .data          0x0000000000000000        0x0 /home/joeg/emus_ide_bootloader/arm-4.8.3-2014q1/bin/../lib/gcc/arm-none-eabi/4.8.3/../../../../arm-none-eabi/lib/armv7-m/crt0.o
 .bss           0x0000000000000000        0x0 /home/joeg/emus_ide_bootloader/arm-4.8.3-2014q1/bin/../lib/gcc/arm-none-eabi/4.8.3/../../../../arm-none-eabi/lib/armv7-m/crt0.o
 .ARM.extab     0x0000000000000000        0x0 /home/joeg/emus_ide_bootloader/arm-4.8.3-2014q1/bin/../lib/gcc/arm-none-eabi/4.8.3/../../../../arm-none-eabi/lib/armv7-m/crt0.o
 .group         0x0000000000000000        0x8 build/system_efm32g.o
 .group         0x0000000000000000        0x8 build/system_efm32g.o
 .group         0x0000000000000000        0x8 build/system_efm32g.o
 .group         0x0000000000000000        0x8 build/system_efm32g.o
 .group         0x0000000000000000        0x8 build/system_efm32g.o
 .group         0x0000000000000000        0x8 build/system_efm32g.o
 .group         0x0000000000000000        0x8 build/system_efm32g.o
 .group         0x0000000000000000        0x8 build/system_efm32g.o
 .group         0x0000000000000000        0x8 build/system_efm32g.o
 .group         0x0000000000000000        0x8 build/system_efm32g.o
 .group         0x0000000000000000        0x8 build/system_efm32g.o
 .group         0x0000000000000000        0x8 build/system_efm32g.o
 .group         0x0000000000000000        0x8 build/system_efm32g.o
 .group         0x0000000000000000        0x8 build/system_efm32g.o
 .group         0x0000000000000000        0x8 build/system_efm32g.o
 .group         0x0000000000000000        0x8 build/system_efm32g.o
 .group         0x0000000000000000        0x8 build/system_efm32g.o
 .group         0x0000000000000000        0x8 build/system_efm32g.o
 .group         0x0000000000000000        0x8 build/system_efm32g.o
 .group         0x0000000000000000        0x8 build/system_efm32g.o
 .group         0x0000000000000000        0x8 build/system_efm32g.o
 .group         0x0000000000000000        0x8 build/system_efm32g.o
 .group         0x0000000000000000        0x8 build/system_efm32g.o
 .group         0x0000000000000000        0x8 build/system_efm32g.o
 .group         0x0000000000000000        0x8 build/system_efm32g.o
 .group         0x0000000000000000        0x8 build/system_efm32g.o
 .group         0x0000000000000000        0x8 build/system_efm32g.o
 .group         0x0000000000000000        0x8 build/system_efm32g.o
 .group         0x0000000000000000        0x8 build/system_efm32g.o
 .group         0x0000000000000000        0x8 build/system_efm32g.o
 .group         0x0000000000000000        0x8 build/system_efm32g.o
 .group         0x0000000000000000        0x8 build/system_efm32g.o
 .group         0x0000000000000000        0x8 build/system_efm32g.o
 .text          0x0000000000000000        0x0 build/system_efm32g.o
 .data          0x0000000000000000        0x0 build/system_efm32g.o
 .bss           0x0000000000000000        0x0 build/system_efm32g.o
 .text.SystemMaxCoreClockGet
                0x0000000000000000        0x8 build/system_efm32g.o
 .text.SystemHFClockGet
                0x0000000000000000       0xb4 build/system_efm32g.o
 .text.SystemCoreClockGet
                0x0000000000000000       0x20 build/system_efm32g.o
 .text.SystemHFXOClockGet
                0x0000000000000000        0xc build/system_efm32g.o
 .text.SystemHFXOClockSet
                0x0000000000000000       0x1c build/system_efm32g.o
 .text.SystemLFRCOClockGet
                0x0000000000000000        0x6 build/system_efm32g.o
 .text.SystemULFRCOClockGet
                0x0000000000000000        0x6 build/system_efm32g.o
 .text.SystemLFXOClockGet
                0x0000000000000000        0xc build/system_efm32g.o
 .text.SystemLFXOClockSet
                0x0000000000000000       0x1c build/system_efm32g.o
 .data.SystemLFXOClock
                0x0000000000000000        0x4 build/system_efm32g.o
 .data.SystemHFXOClock
                0x0000000000000000        0x4 build/system_efm32g.o
 COMMON         0x0000000000000000        0x4 build/system_efm32g.o
 .group         0x0000000000000000        0x8 build/xmodem.o
 .group         0x0000000000000000        0x8 build/xmodem.o
 .group         0x0000000000000000        0x8 build/xmodem.o
 .group         0x0000000000000000        0x8 build/xmodem.o
 .group         0x0000000000000000        0x8 build/xmodem.o
 .group         0x0000000000000000        0x8 build/xmodem.o
 .group         0x0000000000000000        0x8 build/xmodem.o
 .group         0x0000000000000000        0x8 build/xmodem.o
 .group         0x0000000000000000        0x8 build/xmodem.o
 .group         0x0000000000000000        0x8 build/xmodem.o
 .group         0x0000000000000000        0x8 build/xmodem.o
 .group         0x0000000000000000        0x8 build/xmodem.o
 .group         0x0000000000000000        0x8 build/xmodem.o
 .group         0x0000000000000000        0x8 build/xmodem.o
 .group         0x0000000000000000        0x8 build/xmodem.o
 .group         0x0000000000000000        0x8 build/xmodem.o
 .group         0x0000000000000000        0x8 build/xmodem.o
 .group         0x0000000000000000        0x8 build/xmodem.o
 .group         0x0000000000000000        0x8 build/xmodem.o
 .group         0x0000000000000000        0x8 build/xmodem.o
 .group         0x0000000000000000        0x8 build/xmodem.o
 .group         0x0000000000000000        0x8 build/xmodem.o
 .group         0x0000000000000000        0x8 build/xmodem.o
 .group         0x0000000000000000        0x8 build/xmodem.o
 .group         0x0000000000000000        0x8 build/xmodem.o
 .group         0x0000000000000000        0x8 build/xmodem.o
 .group         0x0000000000000000        0x8 build/xmodem.o
 .group         0x0000000000000000        0x8 build/xmodem.o
 .group         0x0000000000000000        0x8 build/xmodem.o
 .group         0x0000000000000000        0x8 build/xmodem.o
 .group         0x0000000000000000        0x8 build/xmodem.o
 .group         0x0000000000000000        0x8 build/xmodem.o
 .group         0x0000000000000000        0x8 build/xmodem.o
 .group         0x0000000000000000        0x8 build/xmodem.o
 .group         0x0000000000000000        0x8 build/xmodem.o
 .group         0x0000000000000000        0x8 build/xmodem.o
 .group         0x0000000000000000        0x8 build/xmodem.o
 .group         0x0000000000000000        0x8 build/xmodem.o
 .group         0x0000000000000000        0x8 build/xmodem.o
 .group         0x0000000000000000        0x8 build/xmodem.o
 .group         0x0000000000000000        0x8 build/xmodem.o
 .group         0x0000000000000000        0x8 build/xmodem.o
 .group         0x0000000000000000        0x8 build/xmodem.o
 .group         0x0000000000000000        0x8 build/xmodem.o
 .group         0x0000000000000000        0x8 build/xmodem.o
 .group         0x0000000000000000        0x8 build/xmodem.o
 .group         0x0000000000000000        0x8 build/xmodem.o
 .group         0x0000000000000000        0x8 build/xmodem.o
 .group         0x0000000000000000        0x8 build/xmodem.o
 .group         0x0000000000000000        0x8 build/xmodem.o
 .group         0x0000000000000000        0x8 build/xmodem.o
 .text          0x0000000000000000        0x0 build/xmodem.o
 .data          0x0000000000000000        0x0 build/xmodem.o
 .bss           0x0000000000000000        0x0 build/xmodem.o
 .debug_macro   0x0000000000000000      0x856 build/xmodem.o
 .debug_macro   0x0000000000000000       0x16 build/xmodem.o
 .debug_macro   0x0000000000000000      0x2ae build/xmodem.o
 .debug_macro   0x0000000000000000       0x3a build/xmodem.o
 .debug_macro   0x0000000000000000       0x2d build/xmodem.o
 .debug_macro   0x0000000000000000      0xbb1 build/xmodem.o
 .debug_macro   0x0000000000000000      0x379 build/xmodem.o
 .debug_macro   0x0000000000000000      0x471 build/xmodem.o
 .debug_macro   0x0000000000000000      0x142 build/xmodem.o
 .debug_macro   0x0000000000000000      0x136 build/xmodem.o
 .debug_macro   0x0000000000000000     0x1611 build/xmodem.o
 .debug_macro   0x0000000000000000     0x1885 build/xmodem.o
 .debug_macro   0x0000000000000000      0xec9 build/xmodem.o
 .debug_macro   0x0000000000000000      0x37d build/xmodem.o
 .debug_macro   0x0000000000000000      0x851 build/xmodem.o
 .debug_macro   0x0000000000000000      0x502 build/xmodem.o
 .debug_macro   0x0000000000000000      0x6aa build/xmodem.o
 .debug_macro   0x0000000000000000      0x7c7 build/xmodem.o
 .debug_macro   0x0000000000000000     0x1a7f build/xmodem.o
 .debug_macro   0x0000000000000000      0x33a build/xmodem.o
 .debug_macro   0x0000000000000000      0xf10 build/xmodem.o
 .debug_macro   0x0000000000000000     0x103c build/xmodem.o
 .debug_macro   0x0000000000000000      0x1c5 build/xmodem.o
 .debug_macro   0x0000000000000000      0x227 build/xmodem.o
 .debug_macro   0x0000000000000000       0x40 build/xmodem.o
 .debug_macro   0x0000000000000000      0x322 build/xmodem.o
 .debug_macro   0x0000000000000000       0xfa build/xmodem.o
 .debug_macro   0x0000000000000000      0x24d build/xmodem.o
 .debug_macro   0x0000000000000000     0x37a9 build/xmodem.o
 .debug_macro   0x0000000000000000      0x1de build/xmodem.o
 .debug_macro   0x0000000000000000      0x1de build/xmodem.o
 .group         0x0000000000000000        0x8 build/leuart.o
 .group         0x0000000000000000        0x8 build/leuart.o
 .group         0x0000000000000000        0x8 build/leuart.o
 .group         0x0000000000000000        0x8 build/leuart.o
 .group         0x0000000000000000        0x8 build/leuart.o
 .group         0x0000000000000000        0x8 build/leuart.o
 .group         0x0000000000000000        0x8 build/leuart.o
 .group         0x0000000000000000        0x8 build/leuart.o
 .group         0x0000000000000000        0x8 build/leuart.o
 .group         0x0000000000000000        0x8 build/leuart.o
 .group         0x0000000000000000        0x8 build/leuart.o
 .group         0x0000000000000000        0x8 build/leuart.o
 .group         0x0000000000000000        0x8 build/leuart.o
 .group         0x0000000000000000        0x8 build/leuart.o
 .group         0x0000000000000000        0x8 build/leuart.o
 .group         0x0000000000000000        0x8 build/leuart.o
 .group         0x0000000000000000        0x8 build/leuart.o
 .group         0x0000000000000000        0x8 build/leuart.o
 .group         0x0000000000000000        0x8 build/leuart.o
 .group         0x0000000000000000        0x8 build/leuart.o
 .group         0x0000000000000000        0x8 build/leuart.o
 .group         0x0000000000000000        0x8 build/leuart.o
 .group         0x0000000000000000        0x8 build/leuart.o
 .group         0x0000000000000000        0x8 build/leuart.o
 .group         0x0000000000000000        0x8 build/leuart.o
 .group         0x0000000000000000        0x8 build/leuart.o
 .group         0x0000000000000000        0x8 build/leuart.o
 .group         0x0000000000000000        0x8 build/leuart.o
 .group         0x0000000000000000        0x8 build/leuart.o
 .group         0x0000000000000000        0x8 build/leuart.o
 .group         0x0000000000000000        0x8 build/leuart.o
 .group         0x0000000000000000        0x8 build/leuart.o
 .group         0x0000000000000000        0x8 build/leuart.o
 .group         0x0000000000000000        0x8 build/leuart.o
 .text          0x0000000000000000        0x0 build/leuart.o
 .data          0x0000000000000000        0x0 build/leuart.o
 .bss           0x0000000000000000        0x0 build/leuart.o
 .debug_macro   0x0000000000000000      0x856 build/leuart.o
 .debug_macro   0x0000000000000000      0x2ae build/leuart.o
 .debug_macro   0x0000000000000000       0x3a build/leuart.o
 .debug_macro   0x0000000000000000       0x16 build/leuart.o
 .debug_macro   0x0000000000000000       0x44 build/leuart.o
 .debug_macro   0x0000000000000000      0x209 build/leuart.o
 .debug_macro   0x0000000000000000       0x2d build/leuart.o
 .debug_macro   0x0000000000000000      0xbb1 build/leuart.o
 .debug_macro   0x0000000000000000      0x379 build/leuart.o
 .debug_macro   0x0000000000000000      0x471 build/leuart.o
 .debug_macro   0x0000000000000000      0x142 build/leuart.o
 .debug_macro   0x0000000000000000      0x136 build/leuart.o
 .debug_macro   0x0000000000000000     0x1611 build/leuart.o
 .debug_macro   0x0000000000000000     0x1885 build/leuart.o
 .debug_macro   0x0000000000000000      0xec9 build/leuart.o
 .debug_macro   0x0000000000000000      0x37d build/leuart.o
 .debug_macro   0x0000000000000000      0x851 build/leuart.o
 .debug_macro   0x0000000000000000      0x502 build/leuart.o
 .debug_macro   0x0000000000000000      0x6aa build/leuart.o
 .debug_macro   0x0000000000000000      0x7c7 build/leuart.o
 .debug_macro   0x0000000000000000     0x1a7f build/leuart.o
 .debug_macro   0x0000000000000000      0x33a build/leuart.o
 .debug_macro   0x0000000000000000      0xf10 build/leuart.o
 .debug_macro   0x0000000000000000     0x103c build/leuart.o
 .debug_macro   0x0000000000000000      0x1c5 build/leuart.o
 .debug_macro   0x0000000000000000      0x227 build/leuart.o
 .debug_macro   0x0000000000000000       0x40 build/leuart.o
 .debug_macro   0x0000000000000000      0x322 build/leuart.o
 .debug_macro   0x0000000000000000       0xfa build/leuart.o
 .debug_macro   0x0000000000000000      0x24d build/leuart.o
 .debug_macro   0x0000000000000000     0x37a9 build/leuart.o
 .debug_macro   0x0000000000000000      0x1de build/leuart.o
 .debug_macro   0x0000000000000000      0x1de build/leuart.o
 .debug_macro   0x0000000000000000       0x3a build/leuart.o
 .group         0x0000000000000000        0x8 build/flash.o
 .group         0x0000000000000000        0x8 build/flash.o
 .group         0x0000000000000000        0x8 build/flash.o
 .group         0x0000000000000000        0x8 build/flash.o
 .group         0x0000000000000000        0x8 build/flash.o
 .group         0x0000000000000000        0x8 build/flash.o
 .group         0x0000000000000000        0x8 build/flash.o
 .group         0x0000000000000000        0x8 build/flash.o
 .group         0x0000000000000000        0x8 build/flash.o
 .group         0x0000000000000000        0x8 build/flash.o
 .group         0x0000000000000000        0x8 build/flash.o
 .group         0x0000000000000000        0x8 build/flash.o
 .group         0x0000000000000000        0x8 build/flash.o
 .group         0x0000000000000000        0x8 build/flash.o
 .group         0x0000000000000000        0x8 build/flash.o
 .group         0x0000000000000000        0x8 build/flash.o
 .group         0x0000000000000000        0x8 build/flash.o
 .group         0x0000000000000000        0x8 build/flash.o
 .group         0x0000000000000000        0x8 build/flash.o
 .group         0x0000000000000000        0x8 build/flash.o
 .group         0x0000000000000000        0x8 build/flash.o
 .group         0x0000000000000000        0x8 build/flash.o
 .group         0x0000000000000000        0x8 build/flash.o
 .group         0x0000000000000000        0x8 build/flash.o
 .group         0x0000000000000000        0x8 build/flash.o
 .group         0x0000000000000000        0x8 build/flash.o
 .group         0x0000000000000000        0x8 build/flash.o
 .group         0x0000000000000000        0x8 build/flash.o
 .group         0x0000000000000000        0x8 build/flash.o
 .group         0x0000000000000000        0x8 build/flash.o
 .group         0x0000000000000000        0x8 build/flash.o
 .group         0x0000000000000000        0x8 build/flash.o
 .group         0x0000000000000000        0x8 build/flash.o
 .group         0x0000000000000000        0x8 build/flash.o
 .text          0x0000000000000000        0x0 build/flash.o
 .data          0x0000000000000000        0x0 build/flash.o
 .bss           0x0000000000000000        0x0 build/flash.o
 .text.FLASH_writeWord
                0x0000000000000000       0x28 build/flash.o
 .debug_macro   0x0000000000000000      0x856 build/flash.o
 .debug_macro   0x0000000000000000      0x2ae build/flash.o
 .debug_macro   0x0000000000000000       0x3a build/flash.o
 .debug_macro   0x0000000000000000       0x16 build/flash.o
 .debug_macro   0x0000000000000000       0x44 build/flash.o
 .debug_macro   0x0000000000000000      0x209 build/flash.o
 .debug_macro   0x0000000000000000       0x2d build/flash.o
 .debug_macro   0x0000000000000000      0xbb1 build/flash.o
 .debug_macro   0x0000000000000000      0x379 build/flash.o
 .debug_macro   0x0000000000000000      0x471 build/flash.o
 .debug_macro   0x0000000000000000      0x142 build/flash.o
 .debug_macro   0x0000000000000000      0x136 build/flash.o
 .debug_macro   0x0000000000000000     0x1611 build/flash.o
 .debug_macro   0x0000000000000000     0x1885 build/flash.o
 .debug_macro   0x0000000000000000      0xec9 build/flash.o
 .debug_macro   0x0000000000000000      0x37d build/flash.o
 .debug_macro   0x0000000000000000      0x851 build/flash.o
 .debug_macro   0x0000000000000000      0x502 build/flash.o
 .debug_macro   0x0000000000000000      0x6aa build/flash.o
 .debug_macro   0x0000000000000000      0x7c7 build/flash.o
 .debug_macro   0x0000000000000000     0x1a7f build/flash.o
 .debug_macro   0x0000000000000000      0x33a build/flash.o
 .debug_macro   0x0000000000000000      0xf10 build/flash.o
 .debug_macro   0x0000000000000000     0x103c build/flash.o
 .debug_macro   0x0000000000000000      0x1c5 build/flash.o
 .debug_macro   0x0000000000000000      0x227 build/flash.o
 .debug_macro   0x0000000000000000       0x40 build/flash.o
 .debug_macro   0x0000000000000000      0x322 build/flash.o
 .debug_macro   0x0000000000000000       0xfa build/flash.o
 .debug_macro   0x0000000000000000      0x24d build/flash.o
 .debug_macro   0x0000000000000000     0x37a9 build/flash.o
 .debug_macro   0x0000000000000000      0x1de build/flash.o
 .debug_macro   0x0000000000000000      0x1de build/flash.o
 .debug_macro   0x0000000000000000       0x3a build/flash.o
 .group         0x0000000000000000        0x8 build/crc.o
 .group         0x0000000000000000        0x8 build/crc.o
 .group         0x0000000000000000        0x8 build/crc.o
 .group         0x0000000000000000        0x8 build/crc.o
 .group         0x0000000000000000        0x8 build/crc.o
 .group         0x0000000000000000        0x8 build/crc.o
 .group         0x0000000000000000        0x8 build/crc.o
 .group         0x0000000000000000        0x8 build/crc.o
 .group         0x0000000000000000        0x8 build/crc.o
 .group         0x0000000000000000        0x8 build/crc.o
 .group         0x0000000000000000        0x8 build/crc.o
 .group         0x0000000000000000        0x8 build/crc.o
 .group         0x0000000000000000        0x8 build/crc.o
 .group         0x0000000000000000        0x8 build/crc.o
 .group         0x0000000000000000        0x8 build/crc.o
 .group         0x0000000000000000        0x8 build/crc.o
 .group         0x0000000000000000        0x8 build/crc.o
 .group         0x0000000000000000        0x8 build/crc.o
 .group         0x0000000000000000        0x8 build/crc.o
 .group         0x0000000000000000        0x8 build/crc.o
 .group         0x0000000000000000        0x8 build/crc.o
 .group         0x0000000000000000        0x8 build/crc.o
 .group         0x0000000000000000        0x8 build/crc.o
 .group         0x0000000000000000        0x8 build/crc.o
 .group         0x0000000000000000        0x8 build/crc.o
 .group         0x0000000000000000        0x8 build/crc.o
 .group         0x0000000000000000        0x8 build/crc.o
 .group         0x0000000000000000        0x8 build/crc.o
 .group         0x0000000000000000        0x8 build/crc.o
 .group         0x0000000000000000        0x8 build/crc.o
 .group         0x0000000000000000        0x8 build/crc.o
 .group         0x0000000000000000        0x8 build/crc.o
 .group         0x0000000000000000        0x8 build/crc.o
 .text          0x0000000000000000        0x0 build/crc.o
 .data          0x0000000000000000        0x0 build/crc.o
 .bss           0x0000000000000000        0x0 build/crc.o
 .debug_macro   0x0000000000000000      0x856 build/crc.o
 .debug_macro   0x0000000000000000       0x16 build/crc.o
 .debug_macro   0x0000000000000000       0x44 build/crc.o
 .debug_macro   0x0000000000000000      0x209 build/crc.o
 .debug_macro   0x0000000000000000      0x2ae build/crc.o
 .debug_macro   0x0000000000000000       0x3a build/crc.o
 .debug_macro   0x0000000000000000       0x2d build/crc.o
 .debug_macro   0x0000000000000000      0xbb1 build/crc.o
 .debug_macro   0x0000000000000000      0x379 build/crc.o
 .debug_macro   0x0000000000000000      0x471 build/crc.o
 .debug_macro   0x0000000000000000      0x142 build/crc.o
 .debug_macro   0x0000000000000000      0x136 build/crc.o
 .debug_macro   0x0000000000000000     0x1611 build/crc.o
 .debug_macro   0x0000000000000000     0x1885 build/crc.o
 .debug_macro   0x0000000000000000      0xec9 build/crc.o
 .debug_macro   0x0000000000000000      0x37d build/crc.o
 .debug_macro   0x0000000000000000      0x851 build/crc.o
 .debug_macro   0x0000000000000000      0x502 build/crc.o
 .debug_macro   0x0000000000000000      0x6aa build/crc.o
 .debug_macro   0x0000000000000000      0x7c7 build/crc.o
 .debug_macro   0x0000000000000000     0x1a7f build/crc.o
 .debug_macro   0x0000000000000000      0x33a build/crc.o
 .debug_macro   0x0000000000000000      0xf10 build/crc.o
 .debug_macro   0x0000000000000000     0x103c build/crc.o
 .debug_macro   0x0000000000000000      0x1c5 build/crc.o
 .debug_macro   0x0000000000000000      0x227 build/crc.o
 .debug_macro   0x0000000000000000       0x40 build/crc.o
 .debug_macro   0x0000000000000000      0x322 build/crc.o
 .debug_macro   0x0000000000000000       0xfa build/crc.o
 .debug_macro   0x0000000000000000      0x24d build/crc.o
 .debug_macro   0x0000000000000000     0x37a9 build/crc.o
 .debug_macro   0x0000000000000000      0x1de build/crc.o
 .debug_macro   0x0000000000000000      0x1de build/crc.o
 .group         0x0000000000000000        0x8 build/bootloader.o
 .group         0x0000000000000000        0x8 build/bootloader.o
 .group         0x0000000000000000        0x8 build/bootloader.o
 .group         0x0000000000000000        0x8 build/bootloader.o
 .group         0x0000000000000000        0x8 build/bootloader.o
 .group         0x0000000000000000        0x8 build/bootloader.o
 .group         0x0000000000000000        0x8 build/bootloader.o
 .group         0x0000000000000000        0x8 build/bootloader.o
 .group         0x0000000000000000        0x8 build/bootloader.o
 .group         0x0000000000000000        0x8 build/bootloader.o
 .group         0x0000000000000000        0x8 build/bootloader.o
 .group         0x0000000000000000        0x8 build/bootloader.o
 .group         0x0000000000000000        0x8 build/bootloader.o
 .group         0x0000000000000000        0x8 build/bootloader.o
 .group         0x0000000000000000        0x8 build/bootloader.o
 .group         0x0000000000000000        0x8 build/bootloader.o
 .group         0x0000000000000000        0x8 build/bootloader.o
 .group         0x0000000000000000        0x8 build/bootloader.o
 .group         0x0000000000000000        0x8 build/bootloader.o
 .group         0x0000000000000000        0x8 build/bootloader.o
 .group         0x0000000000000000        0x8 build/bootloader.o
 .group         0x0000000000000000        0x8 build/bootloader.o
 .group         0x0000000000000000        0x8 build/bootloader.o
 .group         0x0000000000000000        0x8 build/bootloader.o
 .group         0x0000000000000000        0x8 build/bootloader.o
 .group         0x0000000000000000        0x8 build/bootloader.o
 .group         0x0000000000000000        0x8 build/bootloader.o
 .group         0x0000000000000000        0x8 build/bootloader.o
 .group         0x0000000000000000        0x8 build/bootloader.o
 .group         0x0000000000000000        0x8 build/bootloader.o
 .group         0x0000000000000000        0x8 build/bootloader.o
 .group         0x0000000000000000        0x8 build/bootloader.o
 .group         0x0000000000000000        0x8 build/bootloader.o
 .group         0x0000000000000000        0x8 build/bootloader.o
 .group         0x0000000000000000        0x8 build/bootloader.o
 .group         0x0000000000000000        0x8 build/bootloader.o
 .text          0x0000000000000000        0x0 build/bootloader.o
 .data          0x0000000000000000        0x0 build/bootloader.o
 .bss           0x0000000000000000        0x0 build/bootloader.o
 .data.unknownString
                0x0000000000000000        0x6 build/bootloader.o
 .data.failString
                0x0000000000000000        0x9 build/bootloader.o
 .data.okString
                0x0000000000000000        0x7 build/bootloader.o
 .debug_macro   0x0000000000000000      0x856 build/bootloader.o
 .debug_macro   0x0000000000000000      0x2ae build/bootloader.o
 .debug_macro   0x0000000000000000       0x3a build/bootloader.o
 .debug_macro   0x0000000000000000       0x16 build/bootloader.o
 .debug_macro   0x0000000000000000       0x44 build/bootloader.o
 .debug_macro   0x0000000000000000      0x209 build/bootloader.o
 .debug_macro   0x0000000000000000       0x2d build/bootloader.o
 .debug_macro   0x0000000000000000      0xbb1 build/bootloader.o
 .debug_macro   0x0000000000000000      0x379 build/bootloader.o
 .debug_macro   0x0000000000000000      0x471 build/bootloader.o
 .debug_macro   0x0000000000000000      0x142 build/bootloader.o
 .debug_macro   0x0000000000000000      0x136 build/bootloader.o
 .debug_macro   0x0000000000000000     0x1611 build/bootloader.o
 .debug_macro   0x0000000000000000     0x1885 build/bootloader.o
 .debug_macro   0x0000000000000000      0xec9 build/bootloader.o
 .debug_macro   0x0000000000000000      0x37d build/bootloader.o
 .debug_macro   0x0000000000000000      0x851 build/bootloader.o
 .debug_macro   0x0000000000000000      0x502 build/bootloader.o
 .debug_macro   0x0000000000000000      0x6aa build/bootloader.o
 .debug_macro   0x0000000000000000      0x7c7 build/bootloader.o
 .debug_macro   0x0000000000000000     0x1a7f build/bootloader.o
 .debug_macro   0x0000000000000000      0x33a build/bootloader.o
 .debug_macro   0x0000000000000000      0xf10 build/bootloader.o
 .debug_macro   0x0000000000000000     0x103c build/bootloader.o
 .debug_macro   0x0000000000000000      0x1c5 build/bootloader.o
 .debug_macro   0x0000000000000000      0x227 build/bootloader.o
 .debug_macro   0x0000000000000000       0x40 build/bootloader.o
 .debug_macro   0x0000000000000000      0x322 build/bootloader.o
 .debug_macro   0x0000000000000000       0xfa build/bootloader.o
 .debug_macro   0x0000000000000000      0x24d build/bootloader.o
 .debug_macro   0x0000000000000000     0x37a9 build/bootloader.o
 .debug_macro   0x0000000000000000      0x1de build/bootloader.o
 .debug_macro   0x0000000000000000      0x1de build/bootloader.o
 .debug_macro   0x0000000000000000       0x52 build/bootloader.o
 .debug_macro   0x0000000000000000       0x3a build/bootloader.o
 .group         0x0000000000000000        0x8 build/boot.o
 .group         0x0000000000000000        0x8 build/boot.o
 .group         0x0000000000000000        0x8 build/boot.o
 .group         0x0000000000000000        0x8 build/boot.o
 .group         0x0000000000000000        0x8 build/boot.o
 .group         0x0000000000000000        0x8 build/boot.o
 .group         0x0000000000000000        0x8 build/boot.o
 .group         0x0000000000000000        0x8 build/boot.o
 .group         0x0000000000000000        0x8 build/boot.o
 .group         0x0000000000000000        0x8 build/boot.o
 .group         0x0000000000000000        0x8 build/boot.o
 .group         0x0000000000000000        0x8 build/boot.o
 .group         0x0000000000000000        0x8 build/boot.o
 .group         0x0000000000000000        0x8 build/boot.o
 .group         0x0000000000000000        0x8 build/boot.o
 .group         0x0000000000000000        0x8 build/boot.o
 .group         0x0000000000000000        0x8 build/boot.o
 .group         0x0000000000000000        0x8 build/boot.o
 .group         0x0000000000000000        0x8 build/boot.o
 .group         0x0000000000000000        0x8 build/boot.o
 .group         0x0000000000000000        0x8 build/boot.o
 .group         0x0000000000000000        0x8 build/boot.o
 .group         0x0000000000000000        0x8 build/boot.o
 .group         0x0000000000000000        0x8 build/boot.o
 .group         0x0000000000000000        0x8 build/boot.o
 .group         0x0000000000000000        0x8 build/boot.o
 .group         0x0000000000000000        0x8 build/boot.o
 .group         0x0000000000000000        0x8 build/boot.o
 .group         0x0000000000000000        0x8 build/boot.o
 .group         0x0000000000000000        0x8 build/boot.o
 .group         0x0000000000000000        0x8 build/boot.o
 .group         0x0000000000000000        0x8 build/boot.o
 .group         0x0000000000000000        0x8 build/boot.o
 .group         0x0000000000000000        0x8 build/boot.o
 .group         0x0000000000000000        0x8 build/boot.o
 .group         0x0000000000000000        0x8 build/boot.o
 .group         0x0000000000000000        0x8 build/boot.o
 .group         0x0000000000000000        0x8 build/boot.o
 .group         0x0000000000000000        0x8 build/boot.o
 .group         0x0000000000000000        0x8 build/boot.o
 .group         0x0000000000000000        0x8 build/boot.o
 .group         0x0000000000000000        0x8 build/boot.o
 .group         0x0000000000000000        0x8 build/boot.o
 .group         0x0000000000000000        0x8 build/boot.o
 .group         0x0000000000000000        0x8 build/boot.o
 .group         0x0000000000000000        0x8 build/boot.o
 .group         0x0000000000000000        0x8 build/boot.o
 .group         0x0000000000000000        0x8 build/boot.o
 .group         0x0000000000000000        0x8 build/boot.o
 .group         0x0000000000000000        0x8 build/boot.o
 .group         0x0000000000000000        0x8 build/boot.o
 .group         0x0000000000000000        0x8 build/boot.o
 .text          0x0000000000000000        0x0 build/boot.o
 .data          0x0000000000000000        0x0 build/boot.o
 .bss           0x0000000000000000        0x0 build/boot.o
 .text.BOOT_checkFirmwareIsValid
                0x0000000000000000       0x12 build/boot.o
 .text.BOOT_jump
                0x0000000000000000        0xc build/boot.o
 .debug_macro   0x0000000000000000      0x856 build/boot.o
 .debug_macro   0x0000000000000000       0x58 build/boot.o
 .debug_macro   0x0000000000000000       0x16 build/boot.o
 .debug_macro   0x0000000000000000       0x35 build/boot.o
 .debug_macro   0x0000000000000000       0xa3 build/boot.o
 .debug_macro   0x0000000000000000       0x16 build/boot.o
 .debug_macro   0x0000000000000000       0x97 build/boot.o
 .debug_macro   0x0000000000000000       0x10 build/boot.o
 .debug_macro   0x0000000000000000       0xef build/boot.o
 .debug_macro   0x0000000000000000       0x4a build/boot.o
 .debug_macro   0x0000000000000000       0x52 build/boot.o
 .debug_macro   0x0000000000000000       0x16 build/boot.o
 .debug_macro   0x0000000000000000       0x43 build/boot.o
 .debug_macro   0x0000000000000000      0x180 build/boot.o
 .debug_macro   0x0000000000000000       0x10 build/boot.o
 .debug_macro   0x0000000000000000       0x22 build/boot.o
 .debug_macro   0x0000000000000000       0xbd build/boot.o
 .debug_macro   0x0000000000000000       0x16 build/boot.o
 .debug_macro   0x0000000000000000      0x14a build/boot.o
 .debug_macro   0x0000000000000000       0x22 build/boot.o
 .debug_macro   0x0000000000000000      0x20f build/boot.o
 .debug_macro   0x0000000000000000      0x2ae build/boot.o
 .debug_macro   0x0000000000000000       0x3a build/boot.o
 .debug_macro   0x0000000000000000       0x2d build/boot.o
 .debug_macro   0x0000000000000000      0xbb1 build/boot.o
 .debug_macro   0x0000000000000000      0x379 build/boot.o
 .debug_macro   0x0000000000000000      0x471 build/boot.o
 .debug_macro   0x0000000000000000      0x142 build/boot.o
 .debug_macro   0x0000000000000000      0x136 build/boot.o
 .debug_macro   0x0000000000000000     0x1611 build/boot.o
 .debug_macro   0x0000000000000000     0x1885 build/boot.o
 .debug_macro   0x0000000000000000      0xec9 build/boot.o
 .debug_macro   0x0000000000000000      0x37d build/boot.o
 .debug_macro   0x0000000000000000      0x851 build/boot.o
 .debug_macro   0x0000000000000000      0x502 build/boot.o
 .debug_macro   0x0000000000000000      0x6aa build/boot.o
 .debug_macro   0x0000000000000000      0x7c7 build/boot.o
 .debug_macro   0x0000000000000000     0x1a7f build/boot.o
 .debug_macro   0x0000000000000000      0x33a build/boot.o
 .debug_macro   0x0000000000000000      0xf10 build/boot.o
 .debug_macro   0x0000000000000000     0x103c build/boot.o
 .debug_macro   0x0000000000000000      0x1c5 build/boot.o
 .debug_macro   0x0000000000000000      0x227 build/boot.o
 .debug_macro   0x0000000000000000       0x40 build/boot.o
 .debug_macro   0x0000000000000000      0x322 build/boot.o
 .debug_macro   0x0000000000000000       0xfa build/boot.o
 .debug_macro   0x0000000000000000      0x24d build/boot.o
 .debug_macro   0x0000000000000000     0x37a9 build/boot.o
 .debug_macro   0x0000000000000000      0x1de build/boot.o
 .debug_macro   0x0000000000000000      0x1de build/boot.o
 .debug_macro   0x0000000000000000       0x3a build/boot.o
 .group         0x0000000000000000        0x8 build/startup_efm32g.o
 .group         0x0000000000000000        0x8 build/startup_efm32g.o
 .group         0x0000000000000000        0x8 build/startup_efm32g.o
 .group         0x0000000000000000        0x8 build/startup_efm32g.o
 .text          0x0000000000000000        0x0 build/startup_efm32g.o
 .data          0x0000000000000000        0x0 build/startup_efm32g.o
 .bss           0x0000000000000000        0x0 build/startup_efm32g.o
 .debug_macro   0x0000000000000000      0x856 build/startup_efm32g.o
 .debug_macro   0x0000000000000000       0x16 build/startup_efm32g.o
 .debug_macro   0x0000000000000000       0x44 build/startup_efm32g.o
 .debug_macro   0x0000000000000000      0x209 build/startup_efm32g.o
 .text          0x0000000000000000        0x0 /home/joeg/emus_ide_bootloader/arm-4.8.3-2014q1/bin/../lib/gcc/arm-none-eabi/4.8.3/../../../../arm-none-eabi/lib/armv7-m/libc_s.a(lib_a-exit.o)
 .data          0x0000000000000000        0x0 /home/joeg/emus_ide_bootloader/arm-4.8.3-2014q1/bin/../lib/gcc/arm-none-eabi/4.8.3/../../../../arm-none-eabi/lib/armv7-m/libc_s.a(lib_a-exit.o)
 .bss           0x0000000000000000        0x0 /home/joeg/emus_ide_bootloader/arm-4.8.3-2014q1/bin/../lib/gcc/arm-none-eabi/4.8.3/../../../../arm-none-eabi/lib/armv7-m/libc_s.a(lib_a-exit.o)
 .text          0x0000000000000000        0x0 /home/joeg/emus_ide_bootloader/arm-4.8.3-2014q1/bin/../lib/gcc/arm-none-eabi/4.8.3/../../../../arm-none-eabi/lib/armv7-m/libc_s.a(lib_a-impure.o)
 .data          0x0000000000000000        0x0 /home/joeg/emus_ide_bootloader/arm-4.8.3-2014q1/bin/../lib/gcc/arm-none-eabi/4.8.3/../../../../arm-none-eabi/lib/armv7-m/libc_s.a(lib_a-impure.o)
 .bss           0x0000000000000000        0x0 /home/joeg/emus_ide_bootloader/arm-4.8.3-2014q1/bin/../lib/gcc/arm-none-eabi/4.8.3/../../../../arm-none-eabi/lib/armv7-m/libc_s.a(lib_a-impure.o)
 .data._impure_ptr
                0x0000000000000000        0x4 /home/joeg/emus_ide_bootloader/arm-4.8.3-2014q1/bin/../lib/gcc/arm-none-eabi/4.8.3/../../../../arm-none-eabi/lib/armv7-m/libc_s.a(lib_a-impure.o)
 .text          0x0000000000000000        0x0 /home/joeg/emus_ide_bootloader/arm-4.8.3-2014q1/bin/../lib/gcc/arm-none-eabi/4.8.3/../../../../arm-none-eabi/lib/armv7-m/libc_s.a(lib_a-init.o)
 .data          0x0000000000000000        0x0 /home/joeg/emus_ide_bootloader/arm-4.8.3-2014q1/bin/../lib/gcc/arm-none-eabi/4.8.3/../../../../arm-none-eabi/lib/armv7-m/libc_s.a(lib_a-init.o)
 .bss           0x0000000000000000        0x0 /home/joeg/emus_ide_bootloader/arm-4.8.3-2014q1/bin/../lib/gcc/arm-none-eabi/4.8.3/../../../../arm-none-eabi/lib/armv7-m/libc_s.a(lib_a-init.o)
 .text          0x0000000000000000        0x0 /home/joeg/emus_ide_bootloader/arm-4.8.3-2014q1/bin/../lib/gcc/arm-none-eabi/4.8.3/../../../../arm-none-eabi/lib/armv7-m/libc_s.a(lib_a-memset.o)
 .data          0x0000000000000000        0x0 /home/joeg/emus_ide_bootloader/arm-4.8.3-2014q1/bin/../lib/gcc/arm-none-eabi/4.8.3/../../../../arm-none-eabi/lib/armv7-m/libc_s.a(lib_a-memset.o)
 .bss           0x0000000000000000        0x0 /home/joeg/emus_ide_bootloader/arm-4.8.3-2014q1/bin/../lib/gcc/arm-none-eabi/4.8.3/../../../../arm-none-eabi/lib/armv7-m/libc_s.a(lib_a-memset.o)
 .text          0x0000000000000000        0x0 /home/joeg/emus_ide_bootloader/arm-4.8.3-2014q1/bin/../lib/gcc/arm-none-eabi/4.8.3/../../../../arm-none-eabi/lib/armv7-m/libnosys.a(_exit.o)
 .data          0x0000000000000000        0x0 /home/joeg/emus_ide_bootloader/arm-4.8.3-2014q1/bin/../lib/gcc/arm-none-eabi/4.8.3/../../../../arm-none-eabi/lib/armv7-m/libnosys.a(_exit.o)
 .bss           0x0000000000000000        0x0 /home/joeg/emus_ide_bootloader/arm-4.8.3-2014q1/bin/../lib/gcc/arm-none-eabi/4.8.3/../../../../arm-none-eabi/lib/armv7-m/libnosys.a(_exit.o)
 .text          0x0000000000000000        0x0 /home/joeg/emus_ide_bootloader/arm-4.8.3-2014q1/bin/../lib/gcc/arm-none-eabi/4.8.3/armv7-m/crtend.o
 .data          0x0000000000000000        0x0 /home/joeg/emus_ide_bootloader/arm-4.8.3-2014q1/bin/../lib/gcc/arm-none-eabi/4.8.3/armv7-m/crtend.o
 .bss           0x0000000000000000        0x0 /home/joeg/emus_ide_bootloader/arm-4.8.3-2014q1/bin/../lib/gcc/arm-none-eabi/4.8.3/armv7-m/crtend.o
 .text          0x0000000000000000        0x0 /home/joeg/emus_ide_bootloader/arm-4.8.3-2014q1/bin/../lib/gcc/arm-none-eabi/4.8.3/armv7-m/crtn.o
 .data          0x0000000000000000        0x0 /home/joeg/emus_ide_bootloader/arm-4.8.3-2014q1/bin/../lib/gcc/arm-none-eabi/4.8.3/armv7-m/crtn.o
 .bss           0x0000000000000000        0x0 /home/joeg/emus_ide_bootloader/arm-4.8.3-2014q1/bin/../lib/gcc/arm-none-eabi/4.8.3/armv7-m/crtn.o

Memory Configuration

Name             Origin             Length             Attributes
FLASH            0x0000000000000000 0x0000000000020000 xr
RAM              0x0000000020000000 0x0000000000004000 xrw
*default*        0x0000000000000000 0xffffffffffffffff

Linker script and memory map

LOAD /home/joeg/emus_ide_bootloader/arm-4.8.3-2014q1/bin/../lib/gcc/arm-none-eabi/4.8.3/armv7-m/crti.o
LOAD /home/joeg/emus_ide_bootloader/arm-4.8.3-2014q1/bin/../lib/gcc/arm-none-eabi/4.8.3/armv7-m/crtbegin.o
LOAD /home/joeg/emus_ide_bootloader/arm-4.8.3-2014q1/bin/../lib/gcc/arm-none-eabi/4.8.3/../../../../arm-none-eabi/lib/armv7-m/crt0.o
LOAD build/system_efm32g.o
LOAD build/xmodem.o
LOAD build/leuart.o
LOAD build/flash.o
LOAD build/crc.o
LOAD build/bootloader.o
LOAD build/boot.o
LOAD build/startup_efm32g.o
START GROUP
LOAD /home/joeg/emus_ide_bootloader/arm-4.8.3-2014q1/bin/../lib/gcc/arm-none-eabi/4.8.3/armv7-m/libgcc.a
LOAD /home/joeg/emus_ide_bootloader/arm-4.8.3-2014q1/bin/../lib/gcc/arm-none-eabi/4.8.3/../../../../arm-none-eabi/lib/armv7-m/libc_s.a
LOAD /home/joeg/emus_ide_bootloader/arm-4.8.3-2014q1/bin/../lib/gcc/arm-none-eabi/4.8.3/../../../../arm-none-eabi/lib/armv7-m/libnosys.a
END GROUP
START GROUP
LOAD /home/joeg/emus_ide_bootloader/arm-4.8.3-2014q1/bin/../lib/gcc/arm-none-eabi/4.8.3/armv7-m/libgcc.a
LOAD /home/joeg/emus_ide_bootloader/arm-4.8.3-2014q1/bin/../lib/gcc/arm-none-eabi/4.8.3/../../../../arm-none-eabi/lib/armv7-m/libg_s.a
LOAD /home/joeg/emus_ide_bootloader/arm-4.8.3-2014q1/bin/../lib/gcc/arm-none-eabi/4.8.3/../../../../arm-none-eabi/lib/armv7-m/libc_s.a
END GROUP
START GROUP
LOAD /home/joeg/emus_ide_bootloader/arm-4.8.3-2014q1/bin/../lib/gcc/arm-none-eabi/4.8.3/armv7-m/libgcc.a
LOAD /home/joeg/emus_ide_bootloader/arm-4.8.3-2014q1/bin/../lib/gcc/arm-none-eabi/4.8.3/../../../../arm-none-eabi/lib/armv7-m/libc_s.a
END GROUP
LOAD /home/joeg/emus_ide_bootloader/arm-4.8.3-2014q1/bin/../lib/gcc/arm-none-eabi/4.8.3/armv7-m/crtend.o
LOAD /home/joeg/emus_ide_bootloader/arm-4.8.3-2014q1/bin/../lib/gcc/arm-none-eabi/4.8.3/armv7-m/crtn.o

.text           0x0000000000000000      0x620
 *(.vectors)
 .vectors       0x0000000000000000       0xbc build/startup_efm32g.o
                0x0000000000000000                __Vectors
                0x00000000000000bc                __Vectors_End = .
                0x00000000000000bc                __Vectors_Size = (__Vectors_End - __Vectors)
                0x00000000000000bc                __end__ = .
 *(.text*)
 .text          0x00000000000000bc       0x54 /home/joeg/emus_ide_bootloader/arm-4.8.3-2014q1/bin/../lib/gcc/arm-none-eabi/4.8.3/armv7-m/crtbegin.o
 .text          0x0000000000000110       0x74 /home/joeg/emus_ide_bootloader/arm-4.8.3-2014q1/bin/../lib/gcc/arm-none-eabi/4.8.3/../../../../arm-none-eabi/lib/armv7-m/crt0.o
                0x0000000000000110                _mainCRTStartup
                0x0000000000000110                _start
 .text.SystemInit
                0x0000000000000184        0x2 build/system_efm32g.o
                0x0000000000000184                SystemInit
 *fill*         0x0000000000000186        0x2 
 .text.XMODEM_download
                0x0000000000000188       0xd8 build/xmodem.o
                0x0000000000000188                XMODEM_download
 .text.USART_rxByte
                0x0000000000000260       0x20 build/leuart.o
                0x0000000000000260                USART_rxByte
 .text.USART_txByte
                0x0000000000000280       0x10 build/leuart.o
                0x0000000000000280                USART_txByte
 .text.USART_printHex
                0x0000000000000290       0x20 build/leuart.o
                0x0000000000000290                USART_printHex
 .text.USART_printString
                0x00000000000002b0       0x12 build/leuart.o
                0x00000000000002b0                USART_printString
 *fill*         0x00000000000002c2        0x2 
 .text.USART_init
                0x00000000000002c4       0x14 build/leuart.o
                0x00000000000002c4                USART_init
 .text.FLASH_init
                0x00000000000002d8       0x28 build/flash.o
                0x00000000000002d8                FLASH_init
 .text.FLASH_writeBlock
                0x0000000000000300       0x58 build/flash.o
                0x0000000000000300                FLASH_writeBlock
 .text.FLASH_eraseOneBlock
                0x0000000000000358       0x34 build/flash.o
                0x0000000000000358                FLASH_eraseOneBlock
 .text.CRC_calc
                0x000000000000038c       0x28 build/crc.o
                0x000000000000038c                CRC_calc
 .text.verify   0x00000000000003b4       0x2c build/bootloader.o
                0x00000000000003b4                verify
 .text.commandlineLoop
                0x00000000000003e0       0x70 build/bootloader.o
                0x00000000000003e0                commandlineLoop
 .text.startup.main
                0x0000000000000450       0x88 build/bootloader.o
                0x0000000000000450                main
 .text.BOOT_boot
                0x00000000000004d8       0x58 build/boot.o
                0x00000000000004d8                BOOT_boot
 .text.Default_Handler
                0x0000000000000530        0x2 build/startup_efm32g.o
                0x0000000000000530                TIMER2_IRQHandler
                0x0000000000000530                DebugMon_Handler
                0x0000000000000530                USART0_TX_IRQHandler
                0x0000000000000530                I2C0_IRQHandler
                0x0000000000000530                HardFault_Handler
                0x0000000000000530                LEUART1_IRQHandler
                0x0000000000000530                SysTick_Handler
                0x0000000000000530                USART1_RX_IRQHandler
                0x0000000000000530                PendSV_Handler
                0x0000000000000530                NMI_Handler
                0x0000000000000530                USART1_TX_IRQHandler
                0x0000000000000530                MSC_IRQHandler
                0x0000000000000530                ADC0_IRQHandler
                0x0000000000000530                UsageFault_Handler
                0x0000000000000530                LEUART0_IRQHandler
                0x0000000000000530                GPIO_EVEN_IRQHandler
                0x0000000000000530                UART0_TX_IRQHandler
                0x0000000000000530                RTC_IRQHandler
                0x0000000000000530                TIMER0_IRQHandler
                0x0000000000000530                LCD_IRQHandler
                0x0000000000000530                PCNT2_IRQHandler
                0x0000000000000530                UART0_RX_IRQHandler
                0x0000000000000530                LETIMER0_IRQHandler
                0x0000000000000530                TIMER1_IRQHandler
                0x0000000000000530                USART2_RX_IRQHandler
                0x0000000000000530                Default_Handler
                0x0000000000000530                PCNT0_IRQHandler
                0x0000000000000530                PCNT1_IRQHandler
                0x0000000000000530                ACMP0_IRQHandler
                0x0000000000000530                USART0_RX_IRQHandler
                0x0000000000000530                MemManage_Handler
                0x0000000000000530                SVC_Handler
                0x0000000000000530                DAC0_IRQHandler
                0x0000000000000530                CMU_IRQHandler
                0x0000000000000530                GPIO_ODD_IRQHandler
                0x0000000000000530                AES_IRQHandler
                0x0000000000000530                VCMP_IRQHandler
                0x0000000000000530                DMA_IRQHandler
                0x0000000000000530                BusFault_Handler
                0x0000000000000530                USART2_TX_IRQHandler
 *fill*         0x0000000000000532        0x2 
 .text.Reset_Handler
                0x0000000000000534       0x2c build/startup_efm32g.o
                0x0000000000000534                Reset_Handler
 .text.exit     0x0000000000000560       0x28 /home/joeg/emus_ide_bootloader/arm-4.8.3-2014q1/bin/../lib/gcc/arm-none-eabi/4.8.3/../../../../arm-none-eabi/lib/armv7-m/libc_s.a(lib_a-exit.o)
                0x0000000000000560                exit
 .text.__libc_init_array
                0x0000000000000588       0x4c /home/joeg/emus_ide_bootloader/arm-4.8.3-2014q1/bin/../lib/gcc/arm-none-eabi/4.8.3/../../../../arm-none-eabi/lib/armv7-m/libc_s.a(lib_a-init.o)
                0x0000000000000588                __libc_init_array
 .text.memset   0x00000000000005d4       0x10 /home/joeg/emus_ide_bootloader/arm-4.8.3-2014q1/bin/../lib/gcc/arm-none-eabi/4.8.3/../../../../arm-none-eabi/lib/armv7-m/libc_s.a(lib_a-memset.o)
                0x00000000000005d4                memset
 .text._exit    0x00000000000005e4        0x4 /home/joeg/emus_ide_bootloader/arm-4.8.3-2014q1/bin/../lib/gcc/arm-none-eabi/4.8.3/../../../../arm-none-eabi/lib/armv7-m/libnosys.a(_exit.o)
                0x00000000000005e4                _exit
 *(.init)
 .init          0x00000000000005e8        0x4 /home/joeg/emus_ide_bootloader/arm-4.8.3-2014q1/bin/../lib/gcc/arm-none-eabi/4.8.3/armv7-m/crti.o
                0x00000000000005e8                _init
 .init          0x00000000000005ec        0x8 /home/joeg/emus_ide_bootloader/arm-4.8.3-2014q1/bin/../lib/gcc/arm-none-eabi/4.8.3/armv7-m/crtn.o
 *(.fini)
 .fini          0x00000000000005f4        0x4 /home/joeg/emus_ide_bootloader/arm-4.8.3-2014q1/bin/../lib/gcc/arm-none-eabi/4.8.3/armv7-m/crti.o
                0x00000000000005f4                _fini
 .fini          0x00000000000005f8        0x8 /home/joeg/emus_ide_bootloader/arm-4.8.3-2014q1/bin/../lib/gcc/arm-none-eabi/4.8.3/armv7-m/crtn.o
 *crtbegin.o(.ctors)
 *crtbegin?.o(.ctors)
 *(EXCLUDE_FILE(*crtend.o *crtend?.o) .ctors)
 *(SORT(.ctors.*))
 *(.ctors)
 *crtbegin.o(.dtors)
 *crtbegin?.o(.dtors)
 *(EXCLUDE_FILE(*crtend.o *crtend?.o) .dtors)
 *(SORT(.dtors.*))
 *(.dtors)
 *(.rodata*)
 .rodata.str1.1
                0x0000000000000600       0x14 build/bootloader.o
                                         0x17 (size before relaxing)
 .rodata.str1.1
                0x0000000000000614        0x2 /home/joeg/emus_ide_bootloader/arm-4.8.3-2014q1/bin/../lib/gcc/arm-none-eabi/4.8.3/../../../../arm-none-eabi/lib/armv7-m/libc_s.a(lib_a-impure.o)
 *fill*         0x0000000000000616        0x2 
 .rodata._global_impure_ptr
                0x0000000000000618        0x4 /home/joeg/emus_ide_bootloader/arm-4.8.3-2014q1/bin/../lib/gcc/arm-none-eabi/4.8.3/../../../../arm-none-eabi/lib/armv7-m/libc_s.a(lib_a-impure.o)
                0x0000000000000618                _global_impure_ptr
 *(.eh_frame*)
 .eh_frame      0x000000000000061c        0x0 /home/joeg/emus_ide_bootloader/arm-4.8.3-2014q1/bin/../lib/gcc/arm-none-eabi/4.8.3/armv7-m/crtbegin.o
 .eh_frame      0x000000000000061c        0x4 /home/joeg/emus_ide_bootloader/arm-4.8.3-2014q1/bin/../lib/gcc/arm-none-eabi/4.8.3/armv7-m/crtend.o

.glue_7         0x0000000000000620        0x0
 .glue_7        0x0000000000000000        0x0 linker stubs

.glue_7t        0x0000000000000620        0x0
 .glue_7t       0x0000000000000000        0x0 linker stubs

.vfp11_veneer   0x0000000000000620        0x0
 .vfp11_veneer  0x0000000000000000        0x0 linker stubs

.v4_bx          0x0000000000000620        0x0
 .v4_bx         0x0000000000000000        0x0 linker stubs

.iplt           0x0000000000000620        0x0
 .iplt          0x0000000000000000        0x0 /home/joeg/emus_ide_bootloader/arm-4.8.3-2014q1/bin/../lib/gcc/arm-none-eabi/4.8.3/armv7-m/crtbegin.o

.ARM.extab
 *(.ARM.extab* .gnu.linkonce.armextab.*)
                0x0000000000000620                __exidx_start = .

.ARM.exidx      0x0000000000000620        0x8
 *(.ARM.exidx* .gnu.linkonce.armexidx.*)
 .ARM.exidx     0x0000000000000620        0x8 /home/joeg/emus_ide_bootloader/arm-4.8.3-2014q1/bin/../lib/gcc/arm-none-eabi/4.8.3/../../../../arm-none-eabi/lib/armv7-m/crt0.o
                0x0000000000000628                __exidx_end = .
                0x0000000000000628                __etext = .

.rel.dyn        0x0000000000000628        0x0
 .rel.iplt      0x0000000000000000        0x0 /home/joeg/emus_ide_bootloader/arm-4.8.3-2014q1/bin/../lib/gcc/arm-none-eabi/4.8.3/armv7-m/crtbegin.o

.data           0x0000000020000000       0x84 load address 0x0000000000000628
                0x0000000020000000                __data_start__ = .
 *(vtable)
 *(.data*)
 .data.crcString
                0x0000000020000000        0x8 build/bootloader.o
                0x0000000020000000                crcString
 .data.newLineString
                0x0000000020000008        0x3 build/bootloader.o
                0x0000000020000008                newLineString
 .data.readyString
                0x000000002000000b        0xa build/bootloader.o
                0x000000002000000b                readyString
 *fill*         0x0000000020000015        0x3 
 .data.impure_data
                0x0000000020000018       0x60 /home/joeg/emus_ide_bootloader/arm-4.8.3-2014q1/bin/../lib/gcc/arm-none-eabi/4.8.3/../../../../arm-none-eabi/lib/armv7-m/libc_s.a(lib_a-impure.o)
                0x0000000020000078                . = ALIGN (0x4)
 *(.ram)
                0x0000000020000078                . = ALIGN (0x4)
                0x0000000020000078                PROVIDE (__preinit_array_start, .)
 *(.preinit_array)
                0x0000000020000078                PROVIDE (__preinit_array_end, .)
                0x0000000020000078                . = ALIGN (0x4)
                0x0000000020000078                PROVIDE (__init_array_start, .)
 *(SORT(.init_array.*))
 *(.init_array)
 .init_array    0x0000000020000078        0x4 /home/joeg/emus_ide_bootloader/arm-4.8.3-2014q1/bin/../lib/gcc/arm-none-eabi/4.8.3/armv7-m/crtbegin.o
                0x000000002000007c                PROVIDE (__init_array_end, .)
                0x000000002000007c                . = ALIGN (0x4)
                0x000000002000007c                PROVIDE (__fini_array_start, .)
 *(SORT(.fini_array.*))
 *(.fini_array)
 .fini_array    0x000000002000007c        0x4 /home/joeg/emus_ide_bootloader/arm-4.8.3-2014q1/bin/../lib/gcc/arm-none-eabi/4.8.3/armv7-m/crtbegin.o
                0x0000000020000080                PROVIDE (__fini_array_end, .)
 *(.jcr*)
 .jcr           0x0000000020000080        0x0 /home/joeg/emus_ide_bootloader/arm-4.8.3-2014q1/bin/../lib/gcc/arm-none-eabi/4.8.3/armv7-m/crtbegin.o
 .jcr           0x0000000020000080        0x4 /home/joeg/emus_ide_bootloader/arm-4.8.3-2014q1/bin/../lib/gcc/arm-none-eabi/4.8.3/armv7-m/crtend.o
                0x0000000020000084                . = ALIGN (0x4)
                0x0000000020000084                __data_end__ = .

.igot.plt       0x0000000020000084        0x0 load address 0x00000000000006ac
 .igot.plt      0x0000000000000000        0x0 /home/joeg/emus_ide_bootloader/arm-4.8.3-2014q1/bin/../lib/gcc/arm-none-eabi/4.8.3/armv7-m/crtbegin.o

.bss            0x0000000020000100      0x210 load address 0x0000000000000800
                0x0000000020000100                . = ALIGN (0x4)
                0x0000000020000100                __bss_start__ = .
 *(.bss*)
 .bss           0x0000000020000100       0x1c /home/joeg/emus_ide_bootloader/arm-4.8.3-2014q1/bin/../lib/gcc/arm-none-eabi/4.8.3/armv7-m/crtbegin.o
 *(COMMON)
 COMMON         0x000000002000011c      0x110 build/xmodem.o
                0x000000002000011c                rawPacket
 *fill*         0x000000002000022c       0xd4 
 COMMON         0x0000000020000300       0x10 build/flash.o
                0x0000000020000300                descr
                0x0000000020000310                . = ALIGN (0x4)
                0x0000000020000310                __bss_end__ = .

.heap           0x0000000020000310      0xc00
                0x0000000020000310                __HeapBase = .
                0x0000000020000310                __end__ = .
                0x0000000020000310                end = __end__
                0x0000000020000310                _end = __end__
 *(.heap*)
 .heap          0x0000000020000310      0xc00 build/startup_efm32g.o
                0x0000000020000f10                __HeapLimit = .

.stack_dummy    0x0000000020000f10      0x400
 *(.stack*)
 .stack         0x0000000020000f10      0x400 build/startup_efm32g.o
                0x0000000020004000                __StackTop = (ORIGIN (RAM) + 0x4000)
                0x0000000020003c00                __StackLimit = (__StackTop - SIZEOF (.stack_dummy))
                0x0000000020004000                PROVIDE (__stack, __StackTop)
                0x0000000000000001                ASSERT ((__StackLimit >= __HeapLimit), region RAM overflowed with stack)
                0x0000000000000001                ASSERT ((0x20000 >= (__etext + SIZEOF (.data))), FLASH memory overflowed !)
OUTPUT(exe/efmg232.out elf32-littlearm)

.ARM.attributes
                0x0000000000000000       0x29
 .ARM.attributes
                0x0000000000000000       0x1d /home/joeg/emus_ide_bootloader/arm-4.8.3-2014q1/bin/../lib/gcc/arm-none-eabi/4.8.3/armv7-m/crti.o
 .ARM.attributes
                0x000000000000001d       0x2d /home/joeg/emus_ide_bootloader/arm-4.8.3-2014q1/bin/../lib/gcc/arm-none-eabi/4.8.3/armv7-m/crtbegin.o
 .ARM.attributes
                0x000000000000004a       0x1b /home/joeg/emus_ide_bootloader/arm-4.8.3-2014q1/bin/../lib/gcc/arm-none-eabi/4.8.3/../../../../arm-none-eabi/lib/armv7-m/crt0.o
 .ARM.attributes
                0x0000000000000065       0x33 build/system_efm32g.o
 .ARM.attributes
                0x0000000000000098       0x33 build/xmodem.o
 .ARM.attributes
                0x00000000000000cb       0x33 build/leuart.o
 .ARM.attributes
                0x00000000000000fe       0x33 build/flash.o
 .ARM.attributes
                0x0000000000000131       0x33 build/crc.o
 .ARM.attributes
                0x0000000000000164       0x33 build/bootloader.o
 .ARM.attributes
                0x0000000000000197       0x33 build/boot.o
 .ARM.attributes
                0x00000000000001ca       0x33 build/startup_efm32g.o
 .ARM.attributes
                0x00000000000001fd       0x2d /home/joeg/emus_ide_bootloader/arm-4.8.3-2014q1/bin/../lib/gcc/arm-none-eabi/4.8.3/../../../../arm-none-eabi/lib/armv7-m/libc_s.a(lib_a-exit.o)
 .ARM.attributes
                0x000000000000022a       0x2d /home/joeg/emus_ide_bootloader/arm-4.8.3-2014q1/bin/../lib/gcc/arm-none-eabi/4.8.3/../../../../arm-none-eabi/lib/armv7-m/libc_s.a(lib_a-impure.o)
 .ARM.attributes
                0x0000000000000257       0x2d /home/joeg/emus_ide_bootloader/arm-4.8.3-2014q1/bin/../lib/gcc/arm-none-eabi/4.8.3/../../../../arm-none-eabi/lib/armv7-m/libc_s.a(lib_a-init.o)
 .ARM.attributes
                0x0000000000000284       0x2d /home/joeg/emus_ide_bootloader/arm-4.8.3-2014q1/bin/../lib/gcc/arm-none-eabi/4.8.3/../../../../arm-none-eabi/lib/armv7-m/libc_s.a(lib_a-memset.o)
 .ARM.attributes
                0x00000000000002b1       0x2d /home/joeg/emus_ide_bootloader/arm-4.8.3-2014q1/bin/../lib/gcc/arm-none-eabi/4.8.3/../../../../arm-none-eabi/lib/armv7-m/libnosys.a(_exit.o)
 .ARM.attributes
                0x00000000000002de       0x2d /home/joeg/emus_ide_bootloader/arm-4.8.3-2014q1/bin/../lib/gcc/arm-none-eabi/4.8.3/armv7-m/crtend.o
 .ARM.attributes
                0x000000000000030b       0x1d /home/joeg/emus_ide_bootloader/arm-4.8.3-2014q1/bin/../lib/gcc/arm-none-eabi/4.8.3/armv7-m/crtn.o

.comment        0x0000000000000000       0x80
 .comment       0x0000000000000000       0x80 build/system_efm32g.o
                                         0x81 (size before relaxing)
 .comment       0x0000000000000000       0x81 build/xmodem.o
 .comment       0x0000000000000000       0x81 build/leuart.o
 .comment       0x0000000000000000       0x81 build/flash.o
 .comment       0x0000000000000000       0x81 build/crc.o
 .comment       0x0000000000000000       0x81 build/bootloader.o
 .comment       0x0000000000000000       0x81 build/boot.o
 .comment       0x0000000000000000       0x81 build/startup_efm32g.o

.debug_info     0x0000000000000000     0x2cca
 .debug_info    0x0000000000000000      0x5c3 build/system_efm32g.o
 .debug_info    0x00000000000005c3      0x763 build/xmodem.o
 .debug_info    0x0000000000000d26      0x379 build/leuart.o
 .debug_info    0x000000000000109f      0x564 build/flash.o
 .debug_info    0x0000000000001603      0x12e build/crc.o
 .debug_info    0x0000000000001731      0xac6 build/bootloader.o
 .debug_info    0x00000000000021f7      0x8f4 build/boot.o
 .debug_info    0x0000000000002aeb      0x1df build/startup_efm32g.o

.debug_abbrev   0x0000000000000000      0xc5f
 .debug_abbrev  0x0000000000000000      0x1f4 build/system_efm32g.o
 .debug_abbrev  0x00000000000001f4      0x223 build/xmodem.o
 .debug_abbrev  0x0000000000000417      0x13d build/leuart.o
 .debug_abbrev  0x0000000000000554      0x187 build/flash.o
 .debug_abbrev  0x00000000000006db       0xb5 build/crc.o
 .debug_abbrev  0x0000000000000790      0x235 build/bootloader.o
 .debug_abbrev  0x00000000000009c5      0x191 build/boot.o
 .debug_abbrev  0x0000000000000b56      0x109 build/startup_efm32g.o

.debug_loc      0x0000000000000000      0x79c
 .debug_loc     0x0000000000000000       0xc2 build/system_efm32g.o
 .debug_loc     0x00000000000000c2      0x1ff build/xmodem.o
 .debug_loc     0x00000000000002c1      0x1ab build/leuart.o
 .debug_loc     0x000000000000046c      0x109 build/flash.o
 .debug_loc     0x0000000000000575       0x8c build/crc.o
 .debug_loc     0x0000000000000601       0xe6 build/bootloader.o
 .debug_loc     0x00000000000006e7       0x21 build/boot.o
 .debug_loc     0x0000000000000708       0x94 build/startup_efm32g.o

.debug_aranges  0x0000000000000000      0x1a8
 .debug_aranges
                0x0000000000000000       0x68 build/system_efm32g.o
 .debug_aranges
                0x0000000000000068       0x20 build/xmodem.o
 .debug_aranges
                0x0000000000000088       0x40 build/leuart.o
 .debug_aranges
                0x00000000000000c8       0x38 build/flash.o
 .debug_aranges
                0x0000000000000100       0x20 build/crc.o
 .debug_aranges
                0x0000000000000120       0x30 build/bootloader.o
 .debug_aranges
                0x0000000000000150       0x30 build/boot.o
 .debug_aranges
                0x0000000000000180       0x28 build/startup_efm32g.o

.debug_ranges   0x0000000000000000      0x170
 .debug_ranges  0x0000000000000000       0x88 build/system_efm32g.o
 .debug_ranges  0x0000000000000088       0x28 build/xmodem.o
 .debug_ranges  0x00000000000000b0       0x30 build/leuart.o
 .debug_ranges  0x00000000000000e0       0x28 build/flash.o
 .debug_ranges  0x0000000000000108       0x10 build/crc.o
 .debug_ranges  0x0000000000000118       0x20 build/bootloader.o
 .debug_ranges  0x0000000000000138       0x20 build/boot.o
 .debug_ranges  0x0000000000000158       0x18 build/startup_efm32g.o

.debug_macro    0x0000000000000000    0x11c28
 .debug_macro   0x0000000000000000      0x1b7 build/system_efm32g.o
 .debug_macro   0x00000000000001b7      0x856 build/system_efm32g.o
 .debug_macro   0x0000000000000a0d       0x16 build/system_efm32g.o
 .debug_macro   0x0000000000000a23       0x44 build/system_efm32g.o
 .debug_macro   0x0000000000000a67      0x209 build/system_efm32g.o
 .debug_macro   0x0000000000000c70      0x2ae build/system_efm32g.o
 .debug_macro   0x0000000000000f1e       0x3a build/system_efm32g.o
 .debug_macro   0x0000000000000f58       0x2d build/system_efm32g.o
 .debug_macro   0x0000000000000f85      0xbb1 build/system_efm32g.o
 .debug_macro   0x0000000000001b36      0x379 build/system_efm32g.o
 .debug_macro   0x0000000000001eaf      0x471 build/system_efm32g.o
 .debug_macro   0x0000000000002320      0x142 build/system_efm32g.o
 .debug_macro   0x0000000000002462      0x136 build/system_efm32g.o
 .debug_macro   0x0000000000002598     0x1611 build/system_efm32g.o
 .debug_macro   0x0000000000003ba9     0x1885 build/system_efm32g.o
 .debug_macro   0x000000000000542e      0xec9 build/system_efm32g.o
 .debug_macro   0x00000000000062f7      0x37d build/system_efm32g.o
 .debug_macro   0x0000000000006674      0x851 build/system_efm32g.o
 .debug_macro   0x0000000000006ec5      0x502 build/system_efm32g.o
 .debug_macro   0x00000000000073c7      0x6aa build/system_efm32g.o
 .debug_macro   0x0000000000007a71      0x7c7 build/system_efm32g.o
 .debug_macro   0x0000000000008238     0x1a7f build/system_efm32g.o
 .debug_macro   0x0000000000009cb7      0x33a build/system_efm32g.o
 .debug_macro   0x0000000000009ff1      0xf10 build/system_efm32g.o
 .debug_macro   0x000000000000af01     0x103c build/system_efm32g.o
 .debug_macro   0x000000000000bf3d      0x1c5 build/system_efm32g.o
 .debug_macro   0x000000000000c102      0x227 build/system_efm32g.o
 .debug_macro   0x000000000000c329       0x40 build/system_efm32g.o
 .debug_macro   0x000000000000c369      0x322 build/system_efm32g.o
 .debug_macro   0x000000000000c68b       0xfa build/system_efm32g.o
 .debug_macro   0x000000000000c785      0x24d build/system_efm32g.o
 .debug_macro   0x000000000000c9d2     0x37a9 build/system_efm32g.o
 .debug_macro   0x000000000001017b      0x1de build/system_efm32g.o
 .debug_macro   0x0000000000010359      0x1de build/system_efm32g.o
 .debug_macro   0x0000000000010537      0x28c build/xmodem.o
 .debug_macro   0x00000000000107c3       0x58 build/xmodem.o
 .debug_macro   0x000000000001081b       0x35 build/xmodem.o
 .debug_macro   0x0000000000010850       0xa3 build/xmodem.o
 .debug_macro   0x00000000000108f3       0x16 build/xmodem.o
 .debug_macro   0x0000000000010909       0x97 build/xmodem.o
 .debug_macro   0x00000000000109a0       0x10 build/xmodem.o
 .debug_macro   0x00000000000109b0       0xef build/xmodem.o
 .debug_macro   0x0000000000010a9f       0x4a build/xmodem.o
 .debug_macro   0x0000000000010ae9       0x52 build/xmodem.o
 .debug_macro   0x0000000000010b3b       0x16 build/xmodem.o
 .debug_macro   0x0000000000010b51       0x43 build/xmodem.o
 .debug_macro   0x0000000000010b94      0x180 build/xmodem.o
 .debug_macro   0x0000000000010d14       0x10 build/xmodem.o
 .debug_macro   0x0000000000010d24       0x22 build/xmodem.o
 .debug_macro   0x0000000000010d46       0xbd build/xmodem.o
 .debug_macro   0x0000000000010e03       0x16 build/xmodem.o
 .debug_macro   0x0000000000010e19      0x14a build/xmodem.o
 .debug_macro   0x0000000000010f63      0x20f build/xmodem.o
 .debug_macro   0x0000000000011172       0x52 build/xmodem.o
 .debug_macro   0x00000000000111c4       0x3a build/xmodem.o
 .debug_macro   0x00000000000111fe      0x1ad build/leuart.o
 .debug_macro   0x00000000000113ab      0x1ad build/flash.o
 .debug_macro   0x0000000000011558      0x1a3 build/crc.o
 .debug_macro   0x00000000000116fb      0x1ea build/bootloader.o
 .debug_macro   0x00000000000118e5       0x22 build/bootloader.o
 .debug_macro   0x0000000000011907      0x280 build/boot.o
 .debug_macro   0x0000000000011b87       0x4c build/boot.o
 .debug_macro   0x0000000000011bd3       0x55 build/startup_efm32g.o

.debug_line     0x0000000000000000     0x25a4
 .debug_line    0x0000000000000000      0x55d build/system_efm32g.o
 .debug_line    0x000000000000055d      0x588 build/xmodem.o
 .debug_line    0x0000000000000ae5      0x4ea build/leuart.o
 .debug_line    0x0000000000000fcf      0x4f3 build/flash.o
 .debug_line    0x00000000000014c2      0x481 build/crc.o
 .debug_line    0x0000000000001943      0x515 build/bootloader.o
 .debug_line    0x0000000000001e58      0x567 build/boot.o
 .debug_line    0x00000000000023bf      0x1e5 build/startup_efm32g.o

.debug_str      0x0000000000000000    0x65987
 .debug_str     0x0000000000000000    0x630c3 build/system_efm32g.o
                                      0x632a1 (size before relaxing)
 .debug_str     0x00000000000630c3     0x2437 build/xmodem.o
                                      0x6545e (size before relaxing)
 .debug_str     0x00000000000654fa       0x5e build/leuart.o
                                      0x63193 (size before relaxing)
 .debug_str     0x0000000000065558       0xc4 build/flash.o
                                      0x63274 (size before relaxing)
 .debug_str     0x000000000006561c        0xd build/crc.o
                                      0x62f7f (size before relaxing)
 .debug_str     0x0000000000065629      0x202 build/bootloader.o
                                      0x635c3 (size before relaxing)
 .debug_str     0x000000000006582b       0x7b build/boot.o
                                      0x653f7 (size before relaxing)
 .debug_str     0x00000000000658a6       0xe1 build/startup_efm32g.o
                                       0x3015 (size before relaxing)

.debug_frame    0x0000000000000000      0x344
 .debug_frame   0x0000000000000000       0xb8 build/system_efm32g.o
 .debug_frame   0x00000000000000b8       0x30 build/xmodem.o
 .debug_frame   0x00000000000000e8       0x74 build/leuart.o
 .debug_frame   0x000000000000015c       0x5c build/flash.o
 .debug_frame   0x00000000000001b8       0x20 build/crc.o
 .debug_frame   0x00000000000001d8       0x60 build/bootloader.o
 .debug_frame   0x0000000000000238       0x40 build/boot.o
 .debug_frame   0x0000000000000278       0x38 build/startup_efm32g.o
 .debug_frame   0x00000000000002b0       0x28 /home/joeg/emus_ide_bootloader/arm-4.8.3-2014q1/bin/../lib/gcc/arm-none-eabi/4.8.3/../../../../arm-none-eabi/lib/armv7-m/libc_s.a(lib_a-exit.o)
 .debug_frame   0x00000000000002d8       0x2c /home/joeg/emus_ide_bootloader/arm-4.8.3-2014q1/bin/../lib/gcc/arm-none-eabi/4.8.3/../../../../arm-none-eabi/lib/armv7-m/libc_s.a(lib_a-init.o)
 .debug_frame   0x0000000000000304       0x20 /home/joeg/emus_ide_bootloader/arm-4.8.3-2014q1/bin/../lib/gcc/arm-none-eabi/4.8.3/../../../../arm-none-eabi/lib/armv7-m/libc_s.a(lib_a-memset.o)
 .debug_frame   0x0000000000000324       0x20 /home/joeg/emus_ide_bootloader/arm-4.8.3-2014q1/bin/../lib/gcc/arm-none-eabi/4.8.3/../../../../arm-none-eabi/lib/armv7-m/libnosys.a(_exit.o)
